
.....
.....    creation date
.....

Tue Nov 27 15:13:57 MSK 2012

.....
.....    uname -a
.....

AIX erie1 1 7 00CD5AF64C00

.....
.....    sum of /unix
.....

16848 33835 /unix

.....
.....    sysdumpdev -L -v
.....

No previous dumps recorded.
Scanning device /dev/lg_dumplv for existing dump.


.....
.....    The formatted minidump is in file mdmprpt.out
.....


.....
.....    Status of Dump Copy
.....

The dump was not copied, because the dump that
was taken is zero bytes.

