
.....
.....    creation date
.....

Tue Nov 27 15:16:06 MSK 2012

.....
.....    env
.....

_=/usr/bin/env
MANPATH=usr/share/man:/usr/dt/man:/usr/local/man:/opt/VRTS/man
LANG=en_US
LOGIN=root
LC_TIME=C
SSH_TTY=/dev/pts/6
CLCMD_PASSTHRU=1
PATH=/usr/bin:/etc:/usr/sbin:/usr/ucb:/usr/bin/X11:/sbin:/root/bin:/usr/bin:/etc:/usr/sbin:/usr/ucb:/usr/bin/X11:/sbin:/usr/java5/jre/bin:/usr/java5/bin:/usr/local/bin:/usr/local/sbin:/usr/opt/ifor/ls/os/aix/bin:/opt/VRTS/bin:/opt/VRTSvcs/bin:/opt/HORCM/usr/bin:/oper
LC__FASTMSG=true
LOGNAME=root
MAIL=/usr/spool/mail/root
SNAPDIR=/tmp/ibmsupt/caa
LOCPATH=/usr/lib/nls/loc
PS1=\[root@erie1 $PWD\]# 
SCRIPTSIZE=/tmp/ibmsupt/caa/caa.size
USER=root
AUTHSTATE=compat
LC_MESSAGES=C
SHLVL=1
LC_CTYPE=C
SHELL=/usr/bin/ksh
ODMDIR=/etc/objrepos
PASSNO=1
HOME=/
SCRIPTLOG=/tmp/ibmsupt/caa/caa.log
LC_NUMERIC=C
SSH_CONNECTION=10.78.160.134 62835 10.67.24.153 22
SSH_CLIENT=10.78.160.134 62835 22
TERM=xterm
MAILMSG=[YOU HAVE NEW MAIL]
PWD=/
TZ=MSK-4
SCRIPTSIZEEST=/tmp/ibmsupt/caa/caa.size
A__z=! LOGNAME
NLSPATH=/usr/lib/nls/msg/%L/%N:/usr/lib/nls/msg/%L/%N.cat:/usr/lib/nls/msg/%l.%c/%N:/usr/lib/nls/msg/%l.%c/%N.cat

.....
.....    lslpp -h xlC*
.....

  Fileset         Level     Action       Status       Date         Time        
  ----------------------------------------------------------------------------
Path: /usr/lib/objrepos
  xlC.aix61.rte
                 11.1.0.1   COMMIT       COMPLETE     12/07/11     15:48:27    

  xlC.cpp
                  9.0.0.0   COMMIT       COMPLETE     12/07/11     16:17:47    

  xlC.msg.en_US.cpp
                  9.0.0.0   COMMIT       COMPLETE     12/07/11     16:38:18    

  xlC.msg.en_US.rte
                 11.1.0.1   COMMIT       COMPLETE     12/07/11     16:17:41    

  xlC.rte
                 11.1.0.1   COMMIT       COMPLETE     12/07/11     16:17:35    

  xlC.sup.aix50.rte
                  9.0.0.1   COMMIT       COMPLETE     12/07/11     15:48:25    

.....
.....    lslpp -h vatools.*
.....

lslpp: Fileset vatools.* not installed.

.....
.....    lslpp -h xlsmp.*
.....

lslpp: Fileset xlsmp.* not installed.

.....
.....    lslpp -h INMSearch.*
.....

lslpp: Fileset INMSearch.* not installed.

.....
.....    lslpp -h ifor_ls.*
.....

lslpp: Fileset ifor_ls.* not installed.

.....
.....    lslpp -h bos.rte.ifor_ls.*
.....

lslpp: Fileset bos.rte.ifor_ls.* not installed.

.....
.....    lslpp -h idebug.*
.....

lslpp: Fileset idebug.* not installed.

.....
.....    lslpp -h bos.adt.*
.....

  Fileset         Level     Action       Status       Date         Time        
  ----------------------------------------------------------------------------
Path: /usr/lib/objrepos
  bos.adt.base
                 7.1.0.15   COMMIT       COMPLETE     12/07/11     16:09:49    

  bos.adt.include
                 7.1.0.15   COMMIT       COMPLETE     12/07/11     16:09:49    

  bos.adt.lib
                  7.1.0.0   COMMIT       COMPLETE     12/07/11     16:09:49    

  bos.adt.libm
                 7.1.0.15   COMMIT       COMPLETE     12/07/11     16:09:34    

Path: /etc/objrepos
  bos.adt.base
                 7.1.0.15   COMMIT       COMPLETE     12/07/11     16:10:12    
