
.....
.....    creation date
.....

Tue Nov 27 15:18:42 MSK 2012

.....
.....    Operating System Level
.....

7.1.0.0

.....
.....    System Software
.....

/usr/lib/objrepos:devices.pci.1410bd02.diag:7.1.0.15::COMMITTED:I:PCI-X266 3GB SAS RAID Adapter Diagnostics :
/usr/lib/objrepos:devices.pci.1410bd02.rte:7.1.0.15::COMMITTED:I:PCI-X266 Dual-x4 3Gb SAS RAID Adapter Software :

.....
.....    SISSAS Adapter information for sissas0
.....

sissas0 Available 00-00 PCI Express x8 Ext Dual-x4 3Gb SAS Adapter

bus_io_addr    0x80000000                    Bus IO Address               False
dual_init_cfg  default                       Dual Initiator Configuration True
intr_msi       127072                        Bus Interrupt Level          False
intr_priority  3                             Interrupt Priority           False
max_cmd_elems  90,300,100                    Cmd limit (JBOD,RAID,SATA)   True
max_dma_window 0x1BC0000,0x2000000,0x1BE0000 Total DMA limit in bytes     True

VPD for sissas0

  sissas0          U5803.001.9SS0378-P1-C1-T1  PCI Express x8 Ext Dual-x4 3Gb SAS Adapter

      PCI Express x8 Ext Dual-x4 3Gb SAS Adapter      :
        Part Number.................74Y8748
        FRU Number..................46K5840
        Serial Number...............YL13D1241214
        Manufacture ID..............003D
        EC Level....................3
        ROM Level.(alterable).......04220029
        Customer Card ID Number.....57B3
        Product Specific.(Z1).......1
        Hardware Location Code......U5803.001.9SS0378-P1-C1-T1


********** RAID Configuration *************
------------------------------------------------------------------------
Name      Resource  State       Description              Size                  
------------------------------------------------------------------------
sissas0   FFFFFFFF  Primary     PCI Express x8 Ext Dual-x4 3Gb SAS Adapter

hdisk0    00040600  Available   SAS Disk Drive         146.8GB                 
hdisk1    00040700  Available   SAS Disk Drive         146.8GB                 

********** Multi-path Summary *************
hdisk0      Path 1: Operational  Path 2: Operational
hdisk1      Path 1: Operational  Path 2: Operational
ses0        Path 1: Operational
ses1        Path 1: Operational

********** Multi-path Full Details *************


Adapter    Adapter Port  Path Active  Path State   Device
---------  ------------  -----------  -----------  --------
sissas0    4             No           Operational  hdisk0  

Node  SAS Address       Port Type    Phy   Status       Info
----  ----------------  -----------  ----  -----------  --------
1     500507604DC7C505  Adapter      4     Operational  3.0 GBPS        
2     500507601F82D083  Expander     0     Operational  3.0 GBPS        
3     500507601F82D083  Expander     6     Operational  3.0 GBPS        
4     5000C5003C1FF93D  Device       0     Operational  3.0 GBPS        
5     5000C5003C1FF93F  LUN          6     Operational  00              


Adapter    Adapter Port  Path Active  Path State   Device
---------  ------------  -----------  -----------  --------
sissas0    6             Yes          Operational  hdisk0  

Node  SAS Address       Port Type    Phy   Status       Info
----  ----------------  -----------  ----  -----------  --------
1     500507604DC7C505  Adapter      6     Operational  3.0 GBPS        
2     500507601F82D0C3  Expander     0     Operational  3.0 GBPS        
3     500507601F82D0C3  Expander     6     Operational  3.0 GBPS        
4     5000C5003C1FF93E  Device       1     Operational  3.0 GBPS        
5     5000C5003C1FF93F  LUN          6     Operational  00              


Adapter    Adapter Port  Path Active  Path State   Device
---------  ------------  -----------  -----------  --------
sissas0    4             Yes          Operational  hdisk1  

Node  SAS Address       Port Type    Phy   Status       Info
----  ----------------  -----------  ----  -----------  --------
1     500507604DC7C505  Adapter      4     Operational  3.0 GBPS        
2     500507601F82D083  Expander     0     Operational  3.0 GBPS        
3     500507601F82D083  Expander     7     Operational  3.0 GBPS        
4     5000C5003C1D408D  Device       0     Operational  3.0 GBPS        
5     5000C5003C1D408F  LUN          7     Operational  00              


Adapter    Adapter Port  Path Active  Path State   Device
---------  ------------  -----------  -----------  --------
sissas0    6             No           Operational  hdisk1  

Node  SAS Address       Port Type    Phy   Status       Info
----  ----------------  -----------  ----  -----------  --------
1     500507604DC7C505  Adapter      6     Operational  3.0 GBPS        
2     500507601F82D0C3  Expander     0     Operational  3.0 GBPS        
3     500507601F82D0C3  Expander     7     Operational  3.0 GBPS        
4     5000C5003C1D408E  Device       1     Operational  3.0 GBPS        
5     5000C5003C1D408F  LUN          7     Operational  00              


Adapter    Adapter Port  Path Active  Path State   Device
---------  ------------  -----------  -----------  --------
sissas0    4             Yes          Operational  ses0    

Node  SAS Address       Port Type    Phy   Status       Info
----  ----------------  -----------  ----  -----------  --------
1     500507604DC7C505  Adapter      4     Operational  3.0 GBPS        
2     500507601F82D083  Expander     0     Operational  3.0 GBPS        
3     500507601F82D083  Expander     18    Operational  3.0 GBPS        
4     500507601F82D09C  Device       0     Operational  3.0 GBPS        
5     500507601F82D09C  LUN          18    Operational  00              


Adapter    Adapter Port  Path Active  Path State   Device
---------  ------------  -----------  -----------  --------
sissas0    6             Yes          Operational  ses1    

Node  SAS Address       Port Type    Phy   Status       Info
----  ----------------  -----------  ----  -----------  --------
1     500507604DC7C505  Adapter      6     Operational  3.0 GBPS        
2     500507601F82D0C3  Expander     0     Operational  3.0 GBPS        
3     500507601F82D0C3  Expander     18    Operational  3.0 GBPS        
4     500507601F82D0DC  Device       0     Operational  3.0 GBPS        
5     500507601F82D0DC  LUN          18    Operational  00              

Bus information for sas0

sas0 Available 00-00-00 Controller SAS Protocol


  sas0             U5803.001.9SS0378-P1-C1-T1  Controller SAS Protocol

Device information for hdisk0 (->sas0->sissas0)

hdisk0 Available 00-00-00 SAS Disk Drive

PCM             PCM/friend/scsiscsd                        Path Control Module           False
algorithm       fail_over                                  Algorithm                     True
dist_err_pcnt   0                                          Distributed Error Percentage  True
dist_tw_width   50                                         Distributed Error Sample Time True
hcheck_interval 0                                          Health Check Interval         True
hcheck_mode     nonactive                                  Health Check Mode             True
max_transfer    0x100000                                   Maximum TRANSFER Size         True
pvid            00cd5af6333e064b0000000000000000           Physical volume identifier    False
queue_depth     16                                         Queue DEPTH                   True
reserve_policy  no_reserve                                 Reserve Policy                True
size_in_mb      146800                                     Size in Megabytes             False
unique_id       2A1135000C5003C1FF93F0BST9146852SS03IBMsas Unique device identifier      False
ww_id           5000c5003c1ff93f                           World Wide Identifier         False

VPD for hdisk0

  hdisk0           U5803.001.9SS0378-P3-D14  SAS Disk Drive (146800 MB)

        Manufacturer................IBM     
        Machine Type and Model......ST9146852SS     
        FRU Number..................44V6845     
        ROS Level and ID............43413037
        Serial Number...............6TB296ZA
        EC Level....................L36403    
        Part Number.................44V6843     
        Device Specific.(Z0)........000006329F003002
        Device Specific.(Z1)........0406CA07    
        Device Specific.(Z2)........0021
        Device Specific.(Z3)........11205
        Device Specific.(Z4)........
        Device Specific.(Z5)........22
        Device Specific.(Z6)........L36403    
        Hardware Location Code......U5803.001.9SS0378-P3-D14


Device information for hdisk1 (->sas0->sissas0)

hdisk1 Available 00-00-00 SAS Disk Drive

PCM             PCM/friend/scsiscsd                        Path Control Module           False
algorithm       fail_over                                  Algorithm                     True
dist_err_pcnt   0                                          Distributed Error Percentage  True
dist_tw_width   50                                         Distributed Error Sample Time True
hcheck_interval 0                                          Health Check Interval         True
hcheck_mode     nonactive                                  Health Check Mode             True
max_transfer    0x100000                                   Maximum TRANSFER Size         True
pvid            00cd5af63360bfcf0000000000000000           Physical volume identifier    False
queue_depth     16                                         Queue DEPTH                   True
reserve_policy  no_reserve                                 Reserve Policy                True
size_in_mb      146800                                     Size in Megabytes             False
unique_id       2A1135000C5003C1D408F0BST9146852SS03IBMsas Unique device identifier      False
ww_id           5000c5003c1d408f                           World Wide Identifier         False

VPD for hdisk1

  hdisk1           U5803.001.9SS0378-P3-D15  SAS Disk Drive (146800 MB)

        Manufacturer................IBM     
        Machine Type and Model......ST9146852SS     
        FRU Number..................44V6845     
        ROS Level and ID............43413037
        Serial Number...............6TB29E8F
        EC Level....................L36403    
        Part Number.................44V6843     
        Device Specific.(Z0)........000006329F001002
        Device Specific.(Z1)........0406CA07    
        Device Specific.(Z2)........0021
        Device Specific.(Z3)........11204
        Device Specific.(Z4)........
        Device Specific.(Z5)........22
        Device Specific.(Z6)........L36403    
        Hardware Location Code......U5803.001.9SS0378-P3-D15


Device information for ses0 (->sas0->sissas0)

ses0 Available 00-00-00 SAS Enclosure Services Device

ww_id 500507601f82d09c World Wide Identifier False

VPD for ses0

  ses0             U5803.001.9SS0378-P3-C3  SAS Enclosure Services Device

        Manufacturer................IBM     
        Machine Type and Model......5803-001        
        ROM Level.(alterable).......0081
        Serial Number............... 9SS0378
        FRU Number.................. 45D9108
        Device Specific.(Z0)........0D0004022B004002
        Hardware Location Code......U5803.001.9SS0378-P3-C3


Device information for ses1 (->sas0->sissas0)

ses1 Available 00-00-00 SAS Enclosure Services Device

ww_id 500507601f82d0dc World Wide Identifier False

VPD for ses1

  ses1             U5803.001.9SS0378-P3-C4  SAS Enclosure Services Device

        Manufacturer................IBM     
        Machine Type and Model......5803-001        
        ROM Level.(alterable).......0081
        Serial Number............... 9SS0378
        FRU Number.................. 45D9108
        Device Specific.(Z0)........0D0004022B004002
        Hardware Location Code......U5803.001.9SS0378-P3-C4


Device information for sfwcomm8 (->sas0->sissas0)

sfwcomm8 Available 00-00-00-FF SAS Storage Framework Comm


VPD for sfwcomm8

  sfwcomm8           SAS Storage Framework Comm

Bus information for sata0

sata0 Available 00-00-00 Controller SATA Protocol


  sata0            U5803.001.9SS0378-P1-C1-T1  Controller SATA Protocol

.....
.....    SISSAS Adapter information for sissas1
.....

sissas1 Available 04-00 PCI Express x8 Ext Dual-x4 3Gb SAS Adapter

bus_io_addr    0x80000000                    Bus IO Address               False
dual_init_cfg  default                       Dual Initiator Configuration True
intr_msi       45152                         Bus Interrupt Level          False
intr_priority  3                             Interrupt Priority           False
max_cmd_elems  90,300,100                    Cmd limit (JBOD,RAID,SATA)   True
max_dma_window 0x1BC0000,0x2000000,0x1BE0000 Total DMA limit in bytes     True

VPD for sissas1

  sissas1          U5803.001.9SS032L-P1-C1-T1  PCI Express x8 Ext Dual-x4 3Gb SAS Adapter

      PCI Express x8 Ext Dual-x4 3Gb SAS Adapter      :
        Part Number.................74Y8748
        FRU Number..................46K5840
        Serial Number...............YL13D1202723
        Manufacture ID..............003D
        EC Level....................3
        ROM Level.(alterable).......04220029
        Customer Card ID Number.....57B3
        Product Specific.(Z1).......1
        Hardware Location Code......U5803.001.9SS032L-P1-C1-T1


********** RAID Configuration *************
------------------------------------------------------------------------
Name      Resource  State       Description              Size                  
------------------------------------------------------------------------
sissas1   FFFFFFFF  Primary     PCI Express x8 Ext Dual-x4 3Gb SAS Adapter

hdisk2    00040600  Available   SAS Disk Drive         146.8GB                 
hdisk3    00040700  Available   SAS Disk Drive         146.8GB                 

********** Multi-path Summary *************
hdisk2      Path 1: Operational  Path 2: Operational
hdisk3      Path 1: Operational  Path 2: Operational
ses2        Path 1: Operational
ses3        Path 1: Operational

********** Multi-path Full Details *************


Adapter    Adapter Port  Path Active  Path State   Device
---------  ------------  -----------  -----------  --------
sissas1    4             Yes          Operational  hdisk2  

Node  SAS Address       Port Type    Phy   Status       Info
----  ----------------  -----------  ----  -----------  --------
1     5005076036F62405  Adapter      4     Operational  3.0 GBPS        
2     500507601F82FC83  Expander     0     Operational  3.0 GBPS        
3     500507601F82FC83  Expander     6     Operational  3.0 GBPS        
4     5000C500172F210D  Device       0     Operational  3.0 GBPS        
5     5000C500172F210F  LUN          6     Operational  00              


Adapter    Adapter Port  Path Active  Path State   Device
---------  ------------  -----------  -----------  --------
sissas1    6             No           Operational  hdisk2  

Node  SAS Address       Port Type    Phy   Status       Info
----  ----------------  -----------  ----  -----------  --------
1     5005076036F62405  Adapter      6     Operational  3.0 GBPS        
2     500507601F82FCC3  Expander     0     Operational  3.0 GBPS        
3     500507601F82FCC3  Expander     6     Operational  3.0 GBPS        
4     5000C500172F210E  Device       1     Operational  3.0 GBPS        
5     5000C500172F210F  LUN          6     Operational  00              


Adapter    Adapter Port  Path Active  Path State   Device
---------  ------------  -----------  -----------  --------
sissas1    4             No           Operational  hdisk3  

Node  SAS Address       Port Type    Phy   Status       Info
----  ----------------  -----------  ----  -----------  --------
1     5005076036F62405  Adapter      4     Operational  3.0 GBPS        
2     500507601F82FC83  Expander     0     Operational  3.0 GBPS        
3     500507601F82FC83  Expander     7     Operational  3.0 GBPS        
4     5000C5003C1FBD51  Device       0     Operational  3.0 GBPS        
5     5000C5003C1FBD53  LUN          7     Operational  00              


Adapter    Adapter Port  Path Active  Path State   Device
---------  ------------  -----------  -----------  --------
sissas1    6             Yes          Operational  hdisk3  

Node  SAS Address       Port Type    Phy   Status       Info
----  ----------------  -----------  ----  -----------  --------
1     5005076036F62405  Adapter      6     Operational  3.0 GBPS        
2     500507601F82FCC3  Expander     0     Operational  3.0 GBPS        
3     500507601F82FCC3  Expander     7     Operational  3.0 GBPS        
4     5000C5003C1FBD52  Device       1     Operational  3.0 GBPS        
5     5000C5003C1FBD53  LUN          7     Operational  00              


Adapter    Adapter Port  Path Active  Path State   Device
---------  ------------  -----------  -----------  --------
sissas1    4             Yes          Operational  ses2    

Node  SAS Address       Port Type    Phy   Status       Info
----  ----------------  -----------  ----  -----------  --------
1     5005076036F62405  Adapter      4     Operational  3.0 GBPS        
2     500507601F82FC83  Expander     0     Operational  3.0 GBPS        
3     500507601F82FC83  Expander     18    Operational  3.0 GBPS        
4     500507601F82FC9C  Device       0     Operational  3.0 GBPS        
5     500507601F82FC9C  LUN          18    Operational  00              


Adapter    Adapter Port  Path Active  Path State   Device
---------  ------------  -----------  -----------  --------
sissas1    6             Yes          Operational  ses3    

Node  SAS Address       Port Type    Phy   Status       Info
----  ----------------  -----------  ----  -----------  --------
1     5005076036F62405  Adapter      6     Operational  3.0 GBPS        
2     500507601F82FCC3  Expander     0     Operational  3.0 GBPS        
3     500507601F82FCC3  Expander     18    Operational  3.0 GBPS        
4     500507601F82FCDC  Device       0     Operational  3.0 GBPS        
5     500507601F82FCDC  LUN          18    Operational  00              

Bus information for sas1

sas1 Available 04-00-00 Controller SAS Protocol


  sas1             U5803.001.9SS032L-P1-C1-T1  Controller SAS Protocol

Device information for hdisk2 (->sas1->sissas1)

hdisk2 Available 04-00-00 SAS Disk Drive

PCM             PCM/friend/scsiscsd                        Path Control Module           False
algorithm       fail_over                                  Algorithm                     True
dist_err_pcnt   0                                          Distributed Error Percentage  True
dist_tw_width   50                                         Distributed Error Sample Time True
hcheck_interval 0                                          Health Check Interval         True
hcheck_mode     nonactive                                  Health Check Mode             True
max_transfer    0x100000                                   Maximum TRANSFER Size         True
pvid            00cd5ab61da775a50000000000000000           Physical volume identifier    False
queue_depth     16                                         Queue DEPTH                   True
reserve_policy  no_reserve                                 Reserve Policy                True
size_in_mb      146800                                     Size in Megabytes             False
unique_id       2A1135000C500172F210F0BST9146852SS03IBMsas Unique device identifier      False
ww_id           5000c500172f210f                           World Wide Identifier         False

VPD for hdisk2

  hdisk2           U5803.001.9SS032L-P3-D14  SAS Disk Drive (146800 MB)

        Manufacturer................IBM     
        Machine Type and Model......ST9146852SS     
        FRU Number..................44V6845     
        ROS Level and ID............43413037
        Serial Number...............3TB0PJAJ
        EC Level....................L36403    
        Part Number.................44V6843     
        Device Specific.(Z0)........000006329F001002
        Device Specific.(Z1)........0406CA07    
        Device Specific.(Z2)........0021
        Device Specific.(Z3)........09270
        Device Specific.(Z4)........
        Device Specific.(Z5)........22
        Device Specific.(Z6)........L36403    
        Hardware Location Code......U5803.001.9SS032L-P3-D14


Device information for hdisk3 (->sas1->sissas1)

hdisk3 Available 04-00-00 SAS Disk Drive

PCM             PCM/friend/scsiscsd                        Path Control Module           False
algorithm       fail_over                                  Algorithm                     True
dist_err_pcnt   0                                          Distributed Error Percentage  True
dist_tw_width   50                                         Distributed Error Sample Time True
hcheck_interval 0                                          Health Check Interval         True
hcheck_mode     nonactive                                  Health Check Mode             True
max_transfer    0x100000                                   Maximum TRANSFER Size         True
pvid            00cd5af63565d7980000000000000000           Physical volume identifier    False
queue_depth     16                                         Queue DEPTH                   True
reserve_policy  no_reserve                                 Reserve Policy                True
size_in_mb      146800                                     Size in Megabytes             False
unique_id       2A1135000C5003C1FBD530BST9146852SS03IBMsas Unique device identifier      False
ww_id           5000c5003c1fbd53                           World Wide Identifier         False

VPD for hdisk3

  hdisk3           U5803.001.9SS032L-P3-D15  SAS Disk Drive (146800 MB)

        Manufacturer................IBM     
        Machine Type and Model......ST9146852SS     
        FRU Number..................44V6845     
        ROS Level and ID............43413037
        Serial Number...............6TB29HSB
        EC Level....................L36403    
        Part Number.................44V6843     
        Device Specific.(Z0)........000006329F003002
        Device Specific.(Z1)........0406CA07    
        Device Specific.(Z2)........0021
        Device Specific.(Z3)........11205
        Device Specific.(Z4)........
        Device Specific.(Z5)........22
        Device Specific.(Z6)........L36403    
        Hardware Location Code......U5803.001.9SS032L-P3-D15


Device information for ses2 (->sas1->sissas1)

ses2 Available 04-00-00 SAS Enclosure Services Device

ww_id 500507601f82fc9c World Wide Identifier False

VPD for ses2

  ses2             U5803.001.9SS032L-P3-C3  SAS Enclosure Services Device

        Manufacturer................IBM     
        Machine Type and Model......5803-001        
        ROM Level.(alterable).......0081
        Serial Number............... 9SS032L
        FRU Number.................. 45D9108
        Device Specific.(Z0)........0D0004022B004002
        Hardware Location Code......U5803.001.9SS032L-P3-C3


Device information for ses3 (->sas1->sissas1)

ses3 Available 04-00-00 SAS Enclosure Services Device

ww_id 500507601f82fcdc World Wide Identifier False

VPD for ses3

  ses3             U5803.001.9SS032L-P3-C4  SAS Enclosure Services Device

        Manufacturer................IBM     
        Machine Type and Model......5803-001        
        ROM Level.(alterable).......0081
        Serial Number............... 9SS032L
        FRU Number.................. 45D9108
        Device Specific.(Z0)........0D0004022B004002
        Hardware Location Code......U5803.001.9SS032L-P3-C4


Device information for sfwcomm9 (->sas1->sissas1)

sfwcomm9 Available 04-00-00-FF SAS Storage Framework Comm


VPD for sfwcomm9

  sfwcomm9           SAS Storage Framework Comm

Bus information for sata1

sata1 Available 04-00-00 Controller SATA Protocol


  sata1            U5803.001.9SS032L-P1-C1-T1  Controller SATA Protocol
