
.....
.....    creation date
.....

Tue Nov 27 15:05:42 MSK 2012

.....
.....    uname -a
.....

AIX dubna-t3 1 7 00C0DFF74C00

.....
.....    sum of /unix
.....

16848 33835 /unix

.....
.....    sysdumpdev -L -v
.....

No previous dumps recorded.
Scanning device /dev/lg_dumplv for existing dump.


.....
.....    The formatted minidump is in file mdmprpt.out
.....


.....
.....    The raw minidump is in file /var/adm/ras/minidump_last
.....


.....
.....    Status of Dump Copy
.....

The dump was not copied, because the dump that
was taken is zero bytes.

