
.....
.....    creation date
.....

Tue Nov 27 15:16:07 MSK 2012

.....
.....    Operating System Level
.....

7.1.0.0

.....
.....    System Software
.....


.....
.....    Router attributes
.....

lsattr: 0514-519 The following device was not found in the customized
	device configuration database:
	ssar

.....
.....    lsdev of all pdisks
.....


.....
.....    lsdev of all enclosures
.....


.....
.....    Adapter Dump List
.....

/usr/sbin/snap[195]: ssa_getdump:  not found
